// Jest Snapshot v1, https://goo.gl/fbAQLP

exports[`DropdownBodyElement component match snapshot 1`] = `
"<div className=\\"dropdownBodyElement-wrapper dropdownBodyElement-focused\\" onClick={[Function: mockConstructor]}>
  Some text
</div>"
`;
